
> my-project@0.1.0 dev
> next dev

▲ Next.js 16.2.6 (Turbopack)
- Local:         http://localhost:3000
- Network:       http://192.168.1.15:3000
- Environments: .env.local
✓ Ready in 840ms

 GET /login 200 in 3.5s (next.js: 3.0s, proxy.ts: 126ms, application-code: 310ms)
 GET /login 200 in 94ms (next.js: 15ms, proxy.ts: 19ms, application-code: 60ms)
 GET /login 200 in 94ms (next.js: 9ms, proxy.ts: 39ms, application-code: 46ms)
 GET /login 200 in 72ms (next.js: 6ms, proxy.ts: 17ms, application-code: 49ms)
 POST /login 200 in 59ms (next.js: 8ms, proxy.ts: 25ms, application-code: 26ms)
  └─ ƒ detectKeylessEnvDriftAction() in 2ms node_modules/@clerk/nextjs/dist/esm/app-router/keyless-actions.js
 GET /login/tasks?redirect_url=http%3A%2F%2Flocalhost%3A3000%2Fdashboard 404 in 550ms (next.js: 475ms, proxy.ts: 10ms, application-code: 64ms)
 POST /login/tasks?redirect_url=http%3A%2F%2Flocalhost%3A3000%2Fdashboard 404 in 61ms (next.js: 21ms, proxy.ts: 23ms, application-code: 16ms)
  └─ ƒ detectKeylessEnvDriftAction() in 1ms node_modules/@clerk/nextjs/dist/esm/app-router/keyless-actions.js
 GET /login 200 in 125ms (next.js: 23ms, proxy.ts: 30ms, application-code: 72ms)
 POST /login 200 in 48ms (next.js: 9ms, proxy.ts: 18ms, application-code: 21ms)
  └─ ƒ detectKeylessEnvDriftAction() in 1ms node_modules/@clerk/nextjs/dist/esm/app-router/keyless-actions.js
 GET /register 200 in 518ms (next.js: 457ms, proxy.ts: 27ms, application-code: 35ms)
[?25h
